Sat May 03 19:06:52 CAT 2025 : Apache Derby Network Server - 10.11.1.2 - (1629631) started and ready to accept connections on port 1527
----------------------------------------------------------------
Sat May 03 19:06:53 CAT 2025:
Booting Derby version The Apache Software Foundation - Apache Derby - 10.11.1.2 - (1629631): instance a816c00e-0196-971d-772f-000003362860 
on database directory D:\My Documents\GitHub\INT316D-Project\ListOfTasks with class loader sun.misc.Launcher$AppClassLoader@1d44bcfa 
Loaded from file:/C:/Program%20Files/Java/jdk1.8.0_172/db/lib/derby.jar
java.vendor=Oracle Corporation
java.runtime.version=1.8.0_172-b11
user.dir=C:\Program Files\Java\jdk1.8.0_172\db
os.name=Windows 10
os.arch=amd64
os.version=10.0
derby.system.home=D:\My Documents\GitHub\INT316D-Project
Database Class Loader started - derby.database.classpath=''
----------------------------------------------------------------
Sat May 03 19:06:53 CAT 2025:
Shutting down instance a816c00e-0196-971d-772f-000003362860 on database directory D:\My Documents\GitHub\INT316D-Project\ListOfTasks with class loader sun.misc.Launcher$AppClassLoader@1d44bcfa 
Sat May 03 19:06:53 CAT 2025 Thread[DRDAConnThread_3,5,main] (DATABASE = ListOfTasks), (DRDAID = {2}), Database 'ListOfTasks' shutdown.
----------------------------------------------------------------
Sat May 03 19:07:04 CAT 2025:
Booting Derby version The Apache Software Foundation - Apache Derby - 10.11.1.2 - (1629631): instance 0ddd00a9-0196-971d-772f-000003362860 
on database directory D:\My Documents\GitHub\INT316D-Project\ListOfTasks with class loader sun.misc.Launcher$AppClassLoader@1d44bcfa 
Loaded from file:/C:/Program%20Files/Java/jdk1.8.0_172/db/lib/derby.jar
java.vendor=Oracle Corporation
java.runtime.version=1.8.0_172-b11
user.dir=C:\Program Files\Java\jdk1.8.0_172\db
os.name=Windows 10
os.arch=amd64
os.version=10.0
derby.system.home=D:\My Documents\GitHub\INT316D-Project
Database Class Loader started - derby.database.classpath=''
